[backblue.gif]
[fade.gif]
[index.html]
[internship.suvenconsultants.com/projects/tutorialspoint/img/favicon.ico]
[internship.suvenconsultants.com/projects/tutorialspoint/img/page-bg/1.jpg]
[internship.suvenconsultants.com/projects/tutorialspoint/js/jquery-3.2.1.min.js]
[internship.suvenconsultants.com/projects/tutorialspoint/js/bootstrap.min.js]
[internship.suvenconsultants.com/projects/tutorialspoint/js/mixitup.min.js]
[internship.suvenconsultants.com/projects/tutorialspoint/js/circle-progress.min.js]
[internship.suvenconsultants.com/projects/tutorialspoint/js/owl.carousel.min.js]
[internship.suvenconsultants.com/projects/tutorialspoint/js/main.js]
[internship.suvenconsultants.com/projects/tutorialspoint/courses.html]
[internship.suvenconsultants.com/projects/tutorialspoint/css/bootstrap.min.css]
[internship.suvenconsultants.com/projects/tutorialspoint/icon-fonts/fontawesome-webfont3e6e.eot]
[internship.suvenconsultants.com/projects/tutorialspoint/icon-fonts/fontawesome-webfontd41d.eot]
[internship.suvenconsultants.com/projects/tutorialspoint/icon-fonts/fontawesome-webfont3e6e.woff2]
[internship.suvenconsultants.com/projects/tutorialspoint/icon-fonts/fontawesome-webfont3e6e.woff]
[internship.suvenconsultants.com/projects/tutorialspoint/css/font-awesome.min.css]
[internship.suvenconsultants.com/projects/tutorialspoint/css/owl.carousel.css]
[internship.suvenconsultants.com/projects/tutorialspoint/css/style.css]
[cdnjs.cloudflare.com/ajax/libs/font-awesome/4.7.0/css/font-awesome.min.css]
[st.depositphotos.com/3223379/4561/i/950/depositphotos_45617079-stock-photo-global-computer-network-on-abstract.jpg]
[internship.suvenconsultants.com/projects/tutorialspoint/img/categories/1.jpg]
[internship.suvenconsultants.com/projects/tutorialspoint/img/categories/2.jpg]
[internship.suvenconsultants.com/projects/tutorialspoint/img/categories/3.jpg]
[internship.suvenconsultants.com/projects/tutorialspoint/img/categories/4.jpg]
[internship.suvenconsultants.com/projects/tutorialspoint/img/categories/5.jpg]
[internship.suvenconsultants.com/projects/tutorialspoint/img/categories/6.jpg]
[internship.suvenconsultants.com/projects/tutorialspoint/index.html]
[internship.suvenconsultants.com/projects/tutorialspoint/img/page-bg/3.jpg]
[internship.suvenconsultants.com/projects/tutorialspoint/img/blog/1.jpg]
[internship.suvenconsultants.com/projects/tutorialspoint/img/authors/1.jpg]
[internship.suvenconsultants.com/projects/tutorialspoint/img/blog/2.jpg]
[internship.suvenconsultants.com/projects/tutorialspoint/img/authors/2.jpg]
[internship.suvenconsultants.com/projects/tutorialspoint/img/blog/3.jpg]
[internship.suvenconsultants.com/projects/tutorialspoint/img/authors/3.jpg]
[internship.suvenconsultants.com/projects/tutorialspoint/blog.html]
[internship.suvenconsultants.com/projects/tutorialspoint/img/page-bg/4.jpg]
[internship.suvenconsultants.com/projects/tutorialspoint/js/map.js]
[internship.suvenconsultants.com/projects/tutorialspoint/contact.html]
[internship.suvenconsultants.com/projects/tutorialspoint/icon-fonts/fontawesome-webfont3e6e.svg]
[cdnjs.cloudflare.com/ajax/libs/font-awesome/4.7.0/css/font-awesome.min.css]
